Rc files read:
  /etc/LatexMk
  .latexmkrc
Latexmk: This is Latexmk, John Collins, 31 Jan. 2024. Version 4.83.
Force everything to be remade.
Latexmk: applying rule 'bibtex build/iclr2027_conference'...
Rule 'bibtex build/iclr2027_conference':  Reasons for rerun
Category 'other':
  Rerun of 'bibtex build/iclr2027_conference' forced or previously required:
    Reason or flag: 'go_mode'

------------
Run number 1 of rule 'bibtex build/iclr2027_conference'
------------
====== ENV{BIBINPUTS} changed to '/path/to/BA-LDS/Paper/ICLR:build:/path/to/BA-LDS/Paper/ICLR/build:'
Latexmk: Change directory to 'build/'.
To assist finding of files in document directory, I set
  BIBINPUTS='/path/to/BA-LDS/Paper/ICLR:build:/path/to/BA-LDS/Paper/ICLR/build:'
  BSTINPUTS='/path/to/BA-LDS/Paper/ICLR:'.
------------
Running 'bibtex  "iclr2027_conference.aux"'
------------
This is BibTeX, Version 0.99d (TeX Live 2023/Debian)
The top-level auxiliary file: iclr2027_conference.aux
The style file: iclr2027_conference.bst
Database file #1: iclr2027_conference.bib
Latexmk: Change directory back to '/path/to/BA-LDS/Paper/ICLR'
Latexmk: applying rule 'pdflatex'...
Rule 'pdflatex':  Reasons for rerun
Category 'other':
  Rerun of 'pdflatex' forced or previously required:
    Reason or flag: 'go_mode'

------------
Run number 1 of rule 'pdflatex'
------------
------------
Running 'pdflatex -synctex=1 -interaction=nonstopmode -file-line-error  -interaction=nonstopmode -recorder -output-directory="build"  "iclr2027_conference.tex"'
------------
This is pdfTeX, Version 3.141592653-2.6-1.40.25 (TeX Live 2023/Debian) (preloaded format=pdflatex)
 restricted \write18 enabled.
entering extended mode
(./iclr2027_conference.tex
LaTeX2e <2023-11-01> patch level 1
L3 programming layer <2024-01-22>
(/usr/share/texlive/texmf-dist/tex/latex/base/article.cls
Document Class: article 2023/05/17 v1.4n Standard LaTeX document class
(/usr/share/texlive/texmf-dist/tex/latex/base/size10.clo))
(./iclr2027_conference.sty
(/usr/share/texlive/texmf-dist/tex/latex/eso-pic/eso-pic.sty
(/usr/share/texlive/texmf-dist/tex/latex/graphics/keyval.sty)
(/usr/share/texlive/texmf-dist/tex/latex/xcolor/xcolor.sty
(/usr/share/texlive/texmf-dist/tex/latex/graphics-cfg/color.cfg)
(/usr/share/texlive/texmf-dist/tex/latex/graphics-def/pdftex.def)
(/usr/share/texlive/texmf-dist/tex/latex/graphics/mathcolor.ltx)))
(./fancyhdr.sty) (./natbib.sty))
(/usr/share/texlive/texmf-dist/tex/latex/psnfss/times.sty) (./math_commands.tex
 (/usr/share/texlive/texmf-dist/tex/latex/amsmath/amsmath.sty
For additional information on amsmath, use the `?' option.
(/usr/share/texlive/texmf-dist/tex/latex/amsmath/amstext.sty
(/usr/share/texlive/texmf-dist/tex/latex/amsmath/amsgen.sty))
(/usr/share/texlive/texmf-dist/tex/latex/amsmath/amsbsy.sty)
(/usr/share/texlive/texmf-dist/tex/latex/amsmath/amsopn.sty))
(/usr/share/texlive/texmf-dist/tex/latex/amsfonts/amsfonts.sty)
(/usr/share/texlive/texmf-dist/tex/latex/tools/bm.sty))
(/usr/share/texlive/texmf-dist/tex/latex/booktabs/booktabs.sty)
(/usr/share/texlive/texmf-dist/tex/latex/graphics/graphicx.sty
(/usr/share/texlive/texmf-dist/tex/latex/graphics/graphics.sty
(/usr/share/texlive/texmf-dist/tex/latex/graphics/trig.sty)
(/usr/share/texlive/texmf-dist/tex/latex/graphics-cfg/graphics.cfg)))
(/usr/share/texlive/texmf-dist/tex/latex/amscls/amsthm.sty)
(/usr/share/texlive/texmf-dist/tex/latex/hyperref/hyperref.sty
(/usr/share/texlive/texmf-dist/tex/generic/iftex/iftex.sty)
(/usr/share/texlive/texmf-dist/tex/latex/kvsetkeys/kvsetkeys.sty)
(/usr/share/texlive/texmf-dist/tex/generic/kvdefinekeys/kvdefinekeys.sty)
(/usr/share/texlive/texmf-dist/tex/generic/pdfescape/pdfescape.sty
(/usr/share/texlive/texmf-dist/tex/generic/ltxcmds/ltxcmds.sty)
(/usr/share/texlive/texmf-dist/tex/generic/pdftexcmds/pdftexcmds.sty
(/usr/share/texlive/texmf-dist/tex/generic/infwarerr/infwarerr.sty)))
(/usr/share/texlive/texmf-dist/tex/latex/hycolor/hycolor.sty)
(/usr/share/texlive/texmf-dist/tex/latex/auxhook/auxhook.sty)
(/usr/share/texlive/texmf-dist/tex/latex/hyperref/nameref.sty
(/usr/share/texlive/texmf-dist/tex/latex/refcount/refcount.sty)
(/usr/share/texlive/texmf-dist/tex/generic/gettitlestring/gettitlestring.sty
(/usr/share/texlive/texmf-dist/tex/latex/kvoptions/kvoptions.sty)))
(/usr/share/texlive/texmf-dist/tex/latex/etoolbox/etoolbox.sty)
(/usr/share/texlive/texmf-dist/tex/latex/hyperref/pd1enc.def)
(/usr/share/texlive/texmf-dist/tex/generic/intcalc/intcalc.sty)
(/usr/share/texlive/texmf-dist/tex/latex/hyperref/puenc.def)
(/usr/share/texlive/texmf-dist/tex/latex/url/url.sty)
(/usr/share/texlive/texmf-dist/tex/generic/bitset/bitset.sty
(/usr/share/texlive/texmf-dist/tex/generic/bigintcalc/bigintcalc.sty))
(/usr/share/texlive/texmf-dist/tex/latex/base/atbegshi-ltx.sty))
(/usr/share/texlive/texmf-dist/tex/latex/hyperref/hpdftex.def
(/usr/share/texlive/texmf-dist/tex/latex/base/atveryend-ltx.sty)
(/usr/share/texlive/texmf-dist/tex/latex/rerunfilecheck/rerunfilecheck.sty
(/usr/share/texlive/texmf-dist/tex/generic/uniquecounter/uniquecounter.sty)))
(/usr/share/texlive/texmf-dist/tex/latex/psnfss/ot1ptm.fd)
(/usr/share/texlive/texmf-dist/tex/latex/l3backend/l3backend-pdftex.def)
(build/iclr2027_conference.aux)
(/usr/share/texlive/texmf-dist/tex/context/base/mkii/supp-pdf.mkii
[Loading MPS to PDF converter (version 2006.09.02).]
) (/usr/share/texlive/texmf-dist/tex/latex/epstopdf-pkg/epstopdf-base.sty
(/usr/share/texlive/texmf-dist/tex/latex/latexconfig/epstopdf-sys.cfg))
(build/iclr2027_conference.out) (build/iclr2027_conference.out)
(/usr/share/texlive/texmf-dist/tex/latex/amsfonts/umsa.fd)
(/usr/share/texlive/texmf-dist/tex/latex/amsfonts/umsb.fd)
(./Sections/00_Abstract.tex) (./Sections/01_Introduction.tex [1{/var/lib/texmf/
fonts/map/pdftex/updmap/pdftex.map}{/usr/share/texlive/texmf-dist/fonts/enc/dvi
ps/base/8r.enc}] (/usr/share/texlive/texmf-dist/tex/latex/psnfss/ts1ptm.fd))
(./Sections/02_RelatedWorks.tex) (./Sections/03_Preliminary.tex [2])
(./Sections/04_Method.tex [3] [4] (./Figures/section31/overview.tex
(./Figures/section31/magnitude-head-table.tex)
(./Figures/section31/repeatability.tex)) [5 <./Figures/section31/curve-row.pdf>
] [6]) (./Sections/05_Experiment.tex
(./Figures/evaluation/edel_selection_accepted.tex) [7] [8]
(./Figures/evaluation/retrieval_common200_main.tex))
(./Sections/06_Conclusion.tex) (./Sections/XX_Statement.tex)
(build/iclr2027_conference.bbl
(/usr/share/texlive/texmf-dist/tex/latex/psnfss/ot1pcr.fd) [9])
(./Sections/XY_Appendix.tex [10] (./Sections/XY01_ProofAndDerivations.tex
[11]) (./Sections/XY02_BaselineConstrutions.tex [12] [13])
(./Sections/XY03_LDSEvaluation.tex [14])
(./Sections/XY04_MechanismExperiment.tex [15]

pdfTeX warning: pdflatex (file ./Figures/section31/density-all.pdf): PDF inclus
ion: found PDF version <1.7>, but at most version <1.5> allowed

Underfull \vbox (badness 1400) has occurred while \output is active [16]
(./Figures/evaluation/r16_bands_accepted.tex) [17 <./Figures/section31/density-
all.pdf> <./Figures/section31/method-legend.pdf> <./Figures/section31/head-gen.
pdf> <./Figures/section31/head-val.pdf>]

pdfTeX warning: pdflatex (file ./Figures/section31/power-all-gen.pdf): PDF incl
usion: found PDF version <1.7>, but at most version <1.5> allowed


pdfTeX warning: pdflatex (file ./Figures/section31/power-all-val.pdf): PDF incl
usion: found PDF version <1.7>, but at most version <1.5> allowed

Underfull \vbox (badness 10000) has occurred while \output is active [18]
[19] [20 <./Figures/section31/power-all-gen.pdf> <./Figures/section31/power-all
-val.pdf

pdfTeX warning: pdflatex (file ./Figures/section31/power-all-val.pdf): PDF incl
usion: multiple pdfs with page group included in a single page
>]
Underfull \hbox (badness 1082) in paragraph at lines 342--352
 []\OT1/ptm/b/n/10 Matched heads across all four FM meth-ods.[] \OT1/ptm/m/n/10
 Fig-ure []1[](c)--(d) in Sec-tion []4.2[] shows the
(./Figures/section31/square-heads-table.tex) [21] [22 <./Figures/section31/squa
re-heads-validation.pdf>] (./Figures/evaluation/paired-rows.tex)
(./Figures/evaluation/sign-rows.tex) [23] [24] [25 <./Figures/evaluation/kappa.
pdf>] [26]) (./Sections/XY06_EvaluationPipelines.tex [27])
(./Sections/XY05_EvaluationExperiments.tex [28] [29]
(./Figures/evaluation/edel_methods_accepted.tex) [30]
(./Figures/evaluation/c2-ba-coverage.tex)
(./Figures/evaluation/native_ba_overnight_coverage.tex) [31]
(./Figures/evaluation/retrieval_common200_accepted.tex)
(./Figures/evaluation/retrieval_common200_concepts.tex)
(./Figures/evaluation/retrieval_cfm400_accepted.tex
Underfull \vbox (badness 5417) has occurred while \output is active [32 <./Figu
res/evaluation/ba_fixed_query_fits.pdf>])
(./Figures/evaluation/retrieval_cfm400_host.tex)
(./Figures/evaluation/retrieval_ddpm_v2_accepted.tex)
Underfull \vbox (badness 1540) has occurred while \output is active [33]
[34])) [35] [36] [37] [38] [39] (build/iclr2027_conference.aux)

LaTeX Warning: Label(s) may have changed. Rerun to get cross-references right.

 )
(see the transcript file for additional information)</usr/share/texlive/texmf-d
ist/fonts/type1/public/amsfonts/cm/cmbx10.pfb></usr/share/texlive/texmf-dist/fo
nts/type1/public/amsfonts/cm/cmbx7.pfb></usr/share/texlive/texmf-dist/fonts/typ
e1/public/amsfonts/cm/cmex10.pfb></usr/share/texlive/texmf-dist/fonts/type1/pub
lic/amsfonts/cmextra/cmex9.pfb></usr/share/texlive/texmf-dist/fonts/type1/publi
c/amsfonts/cm/cmmi10.pfb></usr/share/texlive/texmf-dist/fonts/type1/public/amsf
onts/cm/cmmi5.pfb></usr/share/texlive/texmf-dist/fonts/type1/public/amsfonts/cm
/cmmi6.pfb></usr/share/texlive/texmf-dist/fonts/type1/public/amsfonts/cm/cmmi7.
pfb></usr/share/texlive/texmf-dist/fonts/type1/public/amsfonts/cm/cmmi9.pfb></u
sr/share/texlive/texmf-dist/fonts/type1/public/amsfonts/cm/cmmib10.pfb></usr/sh
are/texlive/texmf-dist/fonts/type1/public/amsfonts/cm/cmr10.pfb></usr/share/tex
live/texmf-dist/fonts/type1/public/amsfonts/cm/cmr5.pfb></usr/share/texlive/tex
mf-dist/fonts/type1/public/amsfonts/cm/cmr6.pfb></usr/share/texlive/texmf-dist/
fonts/type1/public/amsfonts/cm/cmr7.pfb></usr/share/texlive/texmf-dist/fonts/ty
pe1/public/amsfonts/cm/cmr9.pfb></usr/share/texlive/texmf-dist/fonts/type1/publ
ic/amsfonts/cm/cmsy10.pfb></usr/share/texlive/texmf-dist/fonts/type1/public/ams
fonts/cm/cmsy5.pfb></usr/share/texlive/texmf-dist/fonts/type1/public/amsfonts/c
m/cmsy6.pfb></usr/share/texlive/texmf-dist/fonts/type1/public/amsfonts/cm/cmsy7
.pfb></usr/share/texlive/texmf-dist/fonts/type1/public/amsfonts/cm/cmsy9.pfb></
usr/share/texlive/texmf-dist/fonts/type1/public/amsfonts/symbols/msbm10.pfb></u
sr/share/texlive/texmf-dist/fonts/type1/public/amsfonts/symbols/msbm7.pfb></usr
/share/texlive/texmf-dist/fonts/type1/urw/courier/ucrr8a.pfb></usr/share/texliv
e/texmf-dist/fonts/type1/urw/helvetic/uhvb8a.pfb></usr/share/texlive/texmf-dist
/fonts/type1/urw/times/utmb8a.pfb></usr/share/texlive/texmf-dist/fonts/type1/ur
w/times/utmr8a.pfb></usr/share/texlive/texmf-dist/fonts/type1/urw/times/utmri8a
.pfb>
Output written on build/iclr2027_conference.pdf (39 pages, 1184591 bytes).
SyncTeX written on build/iclr2027_conference.synctex.gz.
Transcript written on build/iclr2027_conference.log.
Latexmk: Getting log file 'build/iclr2027_conference.log'
Latexmk: Examining 'build/iclr2027_conference.fls'
Latexmk: Examining 'build/iclr2027_conference.log'
Latexmk: Found input bbl file 'build/iclr2027_conference.bbl'
Latexmk: References changed.
Latexmk: Log file says output to 'build/iclr2027_conference.pdf'
Latexmk: Found bibliography file(s):
  ./iclr2027_conference.bib
Latexmk: applying rule 'bibtex build/iclr2027_conference'...
Rule 'bibtex build/iclr2027_conference':  Reasons for rerun
Changed files or newly in use/created:
  build/iclr2027_conference.aux

------------
Run number 2 of rule 'bibtex build/iclr2027_conference'
------------
====== ENV{BIBINPUTS} changed to '/path/to/BA-LDS/Paper/ICLR:build:/path/to/BA-LDS/Paper/ICLR/build:'
Latexmk: Change directory to 'build/'.
To assist finding of files in document directory, I set
  BIBINPUTS='/path/to/BA-LDS/Paper/ICLR:build:/path/to/BA-LDS/Paper/ICLR/build:'
  BSTINPUTS='/path/to/BA-LDS/Paper/ICLR:'.
------------
Running 'bibtex  "iclr2027_conference.aux"'
------------
This is BibTeX, Version 0.99d (TeX Live 2023/Debian)
The top-level auxiliary file: iclr2027_conference.aux
The style file: iclr2027_conference.bst
Database file #1: iclr2027_conference.bib
Latexmk: Change directory back to '/path/to/BA-LDS/Paper/ICLR'
Latexmk: applying rule 'pdflatex'...
Rule 'pdflatex':  Reasons for rerun
Changed files or newly in use/created:
  build/iclr2027_conference.aux

------------
Run number 2 of rule 'pdflatex'
------------
------------
Running 'pdflatex -synctex=1 -interaction=nonstopmode -file-line-error  -interaction=nonstopmode -recorder -output-directory="build"  "iclr2027_conference.tex"'
------------
This is pdfTeX, Version 3.141592653-2.6-1.40.25 (TeX Live 2023/Debian) (preloaded format=pdflatex)
 restricted \write18 enabled.
entering extended mode
(./iclr2027_conference.tex
LaTeX2e <2023-11-01> patch level 1
L3 programming layer <2024-01-22>
(/usr/share/texlive/texmf-dist/tex/latex/base/article.cls
Document Class: article 2023/05/17 v1.4n Standard LaTeX document class
(/usr/share/texlive/texmf-dist/tex/latex/base/size10.clo))
(./iclr2027_conference.sty
(/usr/share/texlive/texmf-dist/tex/latex/eso-pic/eso-pic.sty
(/usr/share/texlive/texmf-dist/tex/latex/graphics/keyval.sty)
(/usr/share/texlive/texmf-dist/tex/latex/xcolor/xcolor.sty
(/usr/share/texlive/texmf-dist/tex/latex/graphics-cfg/color.cfg)
(/usr/share/texlive/texmf-dist/tex/latex/graphics-def/pdftex.def)
(/usr/share/texlive/texmf-dist/tex/latex/graphics/mathcolor.ltx)))
(./fancyhdr.sty) (./natbib.sty))
(/usr/share/texlive/texmf-dist/tex/latex/psnfss/times.sty) (./math_commands.tex
 (/usr/share/texlive/texmf-dist/tex/latex/amsmath/amsmath.sty
For additional information on amsmath, use the `?' option.
(/usr/share/texlive/texmf-dist/tex/latex/amsmath/amstext.sty
(/usr/share/texlive/texmf-dist/tex/latex/amsmath/amsgen.sty))
(/usr/share/texlive/texmf-dist/tex/latex/amsmath/amsbsy.sty)
(/usr/share/texlive/texmf-dist/tex/latex/amsmath/amsopn.sty))
(/usr/share/texlive/texmf-dist/tex/latex/amsfonts/amsfonts.sty)
(/usr/share/texlive/texmf-dist/tex/latex/tools/bm.sty))
(/usr/share/texlive/texmf-dist/tex/latex/booktabs/booktabs.sty)
(/usr/share/texlive/texmf-dist/tex/latex/graphics/graphicx.sty
(/usr/share/texlive/texmf-dist/tex/latex/graphics/graphics.sty
(/usr/share/texlive/texmf-dist/tex/latex/graphics/trig.sty)
(/usr/share/texlive/texmf-dist/tex/latex/graphics-cfg/graphics.cfg)))
(/usr/share/texlive/texmf-dist/tex/latex/amscls/amsthm.sty)
(/usr/share/texlive/texmf-dist/tex/latex/hyperref/hyperref.sty
(/usr/share/texlive/texmf-dist/tex/generic/iftex/iftex.sty)
(/usr/share/texlive/texmf-dist/tex/latex/kvsetkeys/kvsetkeys.sty)
(/usr/share/texlive/texmf-dist/tex/generic/kvdefinekeys/kvdefinekeys.sty)
(/usr/share/texlive/texmf-dist/tex/generic/pdfescape/pdfescape.sty
(/usr/share/texlive/texmf-dist/tex/generic/ltxcmds/ltxcmds.sty)
(/usr/share/texlive/texmf-dist/tex/generic/pdftexcmds/pdftexcmds.sty
(/usr/share/texlive/texmf-dist/tex/generic/infwarerr/infwarerr.sty)))
(/usr/share/texlive/texmf-dist/tex/latex/hycolor/hycolor.sty)
(/usr/share/texlive/texmf-dist/tex/latex/auxhook/auxhook.sty)
(/usr/share/texlive/texmf-dist/tex/latex/hyperref/nameref.sty
(/usr/share/texlive/texmf-dist/tex/latex/refcount/refcount.sty)
(/usr/share/texlive/texmf-dist/tex/generic/gettitlestring/gettitlestring.sty
(/usr/share/texlive/texmf-dist/tex/latex/kvoptions/kvoptions.sty)))
(/usr/share/texlive/texmf-dist/tex/latex/etoolbox/etoolbox.sty)
(/usr/share/texlive/texmf-dist/tex/latex/hyperref/pd1enc.def)
(/usr/share/texlive/texmf-dist/tex/generic/intcalc/intcalc.sty)
(/usr/share/texlive/texmf-dist/tex/latex/hyperref/puenc.def)
(/usr/share/texlive/texmf-dist/tex/latex/url/url.sty)
(/usr/share/texlive/texmf-dist/tex/generic/bitset/bitset.sty
(/usr/share/texlive/texmf-dist/tex/generic/bigintcalc/bigintcalc.sty))
(/usr/share/texlive/texmf-dist/tex/latex/base/atbegshi-ltx.sty))
(/usr/share/texlive/texmf-dist/tex/latex/hyperref/hpdftex.def
(/usr/share/texlive/texmf-dist/tex/latex/base/atveryend-ltx.sty)
(/usr/share/texlive/texmf-dist/tex/latex/rerunfilecheck/rerunfilecheck.sty
(/usr/share/texlive/texmf-dist/tex/generic/uniquecounter/uniquecounter.sty)))
(/usr/share/texlive/texmf-dist/tex/latex/psnfss/ot1ptm.fd)
(/usr/share/texlive/texmf-dist/tex/latex/l3backend/l3backend-pdftex.def)
(build/iclr2027_conference.aux)
(/usr/share/texlive/texmf-dist/tex/context/base/mkii/supp-pdf.mkii
[Loading MPS to PDF converter (version 2006.09.02).]
) (/usr/share/texlive/texmf-dist/tex/latex/epstopdf-pkg/epstopdf-base.sty
(/usr/share/texlive/texmf-dist/tex/latex/latexconfig/epstopdf-sys.cfg))
(build/iclr2027_conference.out) (build/iclr2027_conference.out)
(/usr/share/texlive/texmf-dist/tex/latex/amsfonts/umsa.fd)
(/usr/share/texlive/texmf-dist/tex/latex/amsfonts/umsb.fd)
(./Sections/00_Abstract.tex) (./Sections/01_Introduction.tex [1{/var/lib/texmf/
fonts/map/pdftex/updmap/pdftex.map}{/usr/share/texlive/texmf-dist/fonts/enc/dvi
ps/base/8r.enc}] (/usr/share/texlive/texmf-dist/tex/latex/psnfss/ts1ptm.fd))
(./Sections/02_RelatedWorks.tex) (./Sections/03_Preliminary.tex [2])
(./Sections/04_Method.tex [3] [4] (./Figures/section31/overview.tex
(./Figures/section31/magnitude-head-table.tex)
(./Figures/section31/repeatability.tex)) [5 <./Figures/section31/curve-row.pdf>
] [6]) (./Sections/05_Experiment.tex
(./Figures/evaluation/edel_selection_accepted.tex) [7] [8]
(./Figures/evaluation/retrieval_common200_main.tex))
(./Sections/06_Conclusion.tex) (./Sections/XX_Statement.tex)
(build/iclr2027_conference.bbl
(/usr/share/texlive/texmf-dist/tex/latex/psnfss/ot1pcr.fd) [9])
(./Sections/XY_Appendix.tex [10] (./Sections/XY01_ProofAndDerivations.tex
[11]) (./Sections/XY02_BaselineConstrutions.tex [12] [13])
(./Sections/XY03_LDSEvaluation.tex [14])
(./Sections/XY04_MechanismExperiment.tex [15]

pdfTeX warning: pdflatex (file ./Figures/section31/density-all.pdf): PDF inclus
ion: found PDF version <1.7>, but at most version <1.5> allowed

Underfull \vbox (badness 1400) has occurred while \output is active [16]
(./Figures/evaluation/r16_bands_accepted.tex) [17 <./Figures/section31/density-
all.pdf> <./Figures/section31/method-legend.pdf> <./Figures/section31/head-gen.
pdf> <./Figures/section31/head-val.pdf>]

pdfTeX warning: pdflatex (file ./Figures/section31/power-all-gen.pdf): PDF incl
usion: found PDF version <1.7>, but at most version <1.5> allowed


pdfTeX warning: pdflatex (file ./Figures/section31/power-all-val.pdf): PDF incl
usion: found PDF version <1.7>, but at most version <1.5> allowed

Underfull \vbox (badness 10000) has occurred while \output is active [18]
[19] [20 <./Figures/section31/power-all-gen.pdf> <./Figures/section31/power-all
-val.pdf

pdfTeX warning: pdflatex (file ./Figures/section31/power-all-val.pdf): PDF incl
usion: multiple pdfs with page group included in a single page
>]
Underfull \hbox (badness 1082) in paragraph at lines 342--352
 []\OT1/ptm/b/n/10 Matched heads across all four FM meth-ods.[] \OT1/ptm/m/n/10
 Fig-ure []1[](c)--(d) in Sec-tion []4.2[] shows the
(./Figures/section31/square-heads-table.tex) [21] [22 <./Figures/section31/squa
re-heads-validation.pdf>] (./Figures/evaluation/paired-rows.tex)
(./Figures/evaluation/sign-rows.tex) [23] [24] [25 <./Figures/evaluation/kappa.
pdf>] [26]) (./Sections/XY06_EvaluationPipelines.tex [27])
(./Sections/XY05_EvaluationExperiments.tex [28] [29]
(./Figures/evaluation/edel_methods_accepted.tex) [30]
(./Figures/evaluation/c2-ba-coverage.tex)
(./Figures/evaluation/native_ba_overnight_coverage.tex) [31]
(./Figures/evaluation/retrieval_common200_accepted.tex)
(./Figures/evaluation/retrieval_common200_concepts.tex)
(./Figures/evaluation/retrieval_cfm400_accepted.tex
Underfull \vbox (badness 5417) has occurred while \output is active [32 <./Figu
res/evaluation/ba_fixed_query_fits.pdf>])
(./Figures/evaluation/retrieval_cfm400_host.tex)
(./Figures/evaluation/retrieval_ddpm_v2_accepted.tex)
Underfull \vbox (badness 1540) has occurred while \output is active [33]
[34])) [35] [36] [37] [38] [39] (build/iclr2027_conference.aux) )
(see the transcript file for additional information)</usr/share/texlive/texmf-d
ist/fonts/type1/public/amsfonts/cm/cmbx10.pfb></usr/share/texlive/texmf-dist/fo
nts/type1/public/amsfonts/cm/cmbx7.pfb></usr/share/texlive/texmf-dist/fonts/typ
e1/public/amsfonts/cm/cmex10.pfb></usr/share/texlive/texmf-dist/fonts/type1/pub
lic/amsfonts/cmextra/cmex9.pfb></usr/share/texlive/texmf-dist/fonts/type1/publi
c/amsfonts/cm/cmmi10.pfb></usr/share/texlive/texmf-dist/fonts/type1/public/amsf
onts/cm/cmmi5.pfb></usr/share/texlive/texmf-dist/fonts/type1/public/amsfonts/cm
/cmmi6.pfb></usr/share/texlive/texmf-dist/fonts/type1/public/amsfonts/cm/cmmi7.
pfb></usr/share/texlive/texmf-dist/fonts/type1/public/amsfonts/cm/cmmi9.pfb></u
sr/share/texlive/texmf-dist/fonts/type1/public/amsfonts/cm/cmmib10.pfb></usr/sh
are/texlive/texmf-dist/fonts/type1/public/amsfonts/cm/cmr10.pfb></usr/share/tex
live/texmf-dist/fonts/type1/public/amsfonts/cm/cmr5.pfb></usr/share/texlive/tex
mf-dist/fonts/type1/public/amsfonts/cm/cmr6.pfb></usr/share/texlive/texmf-dist/
fonts/type1/public/amsfonts/cm/cmr7.pfb></usr/share/texlive/texmf-dist/fonts/ty
pe1/public/amsfonts/cm/cmr9.pfb></usr/share/texlive/texmf-dist/fonts/type1/publ
ic/amsfonts/cm/cmsy10.pfb></usr/share/texlive/texmf-dist/fonts/type1/public/ams
fonts/cm/cmsy5.pfb></usr/share/texlive/texmf-dist/fonts/type1/public/amsfonts/c
m/cmsy6.pfb></usr/share/texlive/texmf-dist/fonts/type1/public/amsfonts/cm/cmsy7
.pfb></usr/share/texlive/texmf-dist/fonts/type1/public/amsfonts/cm/cmsy9.pfb></
usr/share/texlive/texmf-dist/fonts/type1/public/amsfonts/symbols/msbm10.pfb></u
sr/share/texlive/texmf-dist/fonts/type1/public/amsfonts/symbols/msbm7.pfb></usr
/share/texlive/texmf-dist/fonts/type1/urw/courier/ucrr8a.pfb></usr/share/texliv
e/texmf-dist/fonts/type1/urw/helvetic/uhvb8a.pfb></usr/share/texlive/texmf-dist
/fonts/type1/urw/times/utmb8a.pfb></usr/share/texlive/texmf-dist/fonts/type1/ur
w/times/utmr8a.pfb></usr/share/texlive/texmf-dist/fonts/type1/urw/times/utmri8a
.pfb>
Output written on build/iclr2027_conference.pdf (39 pages, 1184591 bytes).
SyncTeX written on build/iclr2027_conference.synctex.gz.
Transcript written on build/iclr2027_conference.log.
Latexmk: Getting log file 'build/iclr2027_conference.log'
Latexmk: Examining 'build/iclr2027_conference.fls'
Latexmk: Examining 'build/iclr2027_conference.log'
Latexmk: Found input bbl file 'build/iclr2027_conference.bbl'
Latexmk: Log file says output to 'build/iclr2027_conference.pdf'
Latexmk: Found bibliography file(s):
  ./iclr2027_conference.bib
Latexmk: All targets (build/iclr2027_conference.pdf) are up-to-date
------------
Running 'cp build/"iclr2027_conference".pdf ./"iclr2027_conference".pdf'
------------

