Processing /path/to/BA-LDS/Codes
  Installing build dependencies: started
  Installing build dependencies: finished with status 'done'
  Getting requirements to build wheel: started
  Getting requirements to build wheel: finished with status 'done'
  Preparing metadata (pyproject.toml): started
  Preparing metadata (pyproject.toml): finished with status 'done'
Building wheels for collected packages: ba-lds
  Building wheel for ba-lds (pyproject.toml): started
  Building wheel for ba-lds (pyproject.toml): finished with status 'done'
  Created wheel for ba-lds: filename=ba_lds-0.1.0-py3-none-any.whl size=308610 sha256=5c38e69e479a31d8481b3c38e3e44df8e2ebbe964e610d0300e014838e88c900
  Stored in directory: /tmp/pip-ephem-wheel-cache-ymtrko2t/wheels/c6/84/6a/d6c819201f214468e7a1d6c5e200e9816a26f145793c0c98b3
Successfully built ba-lds
Installing collected packages: ba-lds
  Attempting uninstall: ba-lds
    Found existing installation: ba-lds 0.1.0
    Uninstalling ba-lds-0.1.0:
      Successfully uninstalled ba-lds-0.1.0
Successfully installed ba-lds-0.1.0

[notice] A new release of pip is available: 25.0.1 -> 26.2.1
[notice] To update, run: /tmp/balds-public-install-vje1xc5n/venv/bin/python -m pip install --upgrade pip
